[mobirise.com/extensions/gridm5/creative-design/index.html]
[mobirise.com/extensions/gridm5/creative-design/assets/images/logo.png]
[backblue.gif]
[fade.gif]
[index.html]
[mobirise.com/extensions/gridm5/creative-design/assets/web/assets/mobirise-icons2/mobirise2.css]
[mobirise.com/extensions/gridm5/creative-design/assets/web/assets/mobirise-icons-bold/mobirise-icons-bold.css]
[mobirise.com/extensions/gridm5/creative-design/assets/bootstrap/css/bootstrap.min.css]
[mobirise.com/extensions/gridm5/creative-design/assets/bootstrap/css/bootstrap-grid.min.css]
[mobirise.com/extensions/gridm5/creative-design/assets/bootstrap/css/bootstrap-reboot.min.css]
[mobirise.com/extensions/gridm5/creative-design/assets/dropdown/css/style.css]
[mobirise.com/extensions/gridm5/creative-design/assets/socicon/css/styles.css]
[mobirise.com/extensions/gridm5/creative-design/assets/theme/css/style.css]
[mobirise.com/extensions/gridm5/creative-design/assets/mobirise/css/mbr-additional.css]
[mobirise.com/extensions/gridm5/creative-design/assets/images/2.jpg]
[mobirise.com/extensions/gridm5/creative-design/assets/images/team7-1280x914.jpg]
[mobirise.com/extensions/gridm5/creative-design/assets/images/features1-1280x720.jpg]
[mobirise.com/extensions/gridm5/creative-design/assets/images/features3-1280x720.jpg]
[mobirise.com/extensions/gridm5/creative-design/assets/images/team2.jpg]
[mobirise.com/extensions/gridm5/creative-design/assets/images/team3.jpg]
[mobirise.com/extensions/gridm5/creative-design/assets/images/team1.jpg]
[mobirise.com/extensions/gridm5/creative-design/assets/images/4-1280x851.jpg]
[mobirise.com/extensions/gridm5/creative-design/assets/bootstrap/js/bootstrap.bundle.min.js]
[mobirise.com/extensions/gridm5/creative-design/assets/smoothscroll/smooth-scroll.js]
[mobirise.com/extensions/gridm5/creative-design/assets/ytplayer/index.js]
[mobirise.com/extensions/gridm5/creative-design/assets/dropdown/js/navbar-dropdown.js]
[mobirise.com/extensions/gridm5/creative-design/assets/playervimeo/vimeo_player.js]
[mobirise.com/extensions/gridm5/creative-design/assets/theme/js/script.js]
[mobirise.com/extensions/gridm5/creative-design/assets/formoid/formoid.min.js]
[mobirise.com/extensions/gridm5/creative-design/index.html]
[mobirise.com/extensions/gridm5/creative-design/assets/web/assets/mobirise-icons2/mobirise21e04.eot]
[mobirise.com/extensions/gridm5/creative-design/assets/web/assets/mobirise-icons2/mobirise21e04.ttf]
[mobirise.com/extensions/gridm5/creative-design/assets/web/assets/mobirise-icons2/mobirise21e04.woff]
[mobirise.com/extensions/gridm5/creative-design/assets/web/assets/mobirise-icons2/mobirise2.css]
[mobirise.com/extensions/gridm5/creative-design/assets/web/assets/mobirise-icons2/mobirise21e04.svg]
[mobirise.com/extensions/gridm5/creative-design/assets/web/assets/mobirise-icons-bold/mobirise-icons-bold84ca.eot]
[mobirise.com/extensions/gridm5/creative-design/assets/web/assets/mobirise-icons-bold/mobirise-icons-bold84ca.ttf]
[mobirise.com/extensions/gridm5/creative-design/assets/web/assets/mobirise-icons-bold/mobirise-icons-bold84ca.woff]
[mobirise.com/extensions/gridm5/creative-design/assets/web/assets/mobirise-icons-bold/mobirise-icons-bold.css]
[mobirise.com/extensions/gridm5/creative-design/assets/bootstrap/css/bootstrap.min.css]
[mobirise.com/extensions/gridm5/creative-design/assets/bootstrap/css/bootstrap-grid.min.css]
[mobirise.com/extensions/gridm5/creative-design/assets/bootstrap/css/bootstrap-reboot.min.css]
[mobirise.com/extensions/gridm5/creative-design/assets/dropdown/css/style.css]
[mobirise.com/extensions/gridm5/creative-design/assets/web/assets/mobirise-icons-bold/mobirise-icons-bold84ca.svg]
[mobirise.com/extensions/gridm5/creative-design/assets/socicon/fonts/socicon.eot]
[mobirise.com/extensions/gridm5/creative-design/assets/socicon/fonts/socicond41d.eot]
[mobirise.com/extensions/gridm5/creative-design/assets/socicon/fonts/socicon.woff2]
[mobirise.com/extensions/gridm5/creative-design/assets/socicon/fonts/socicon.ttf]
[mobirise.com/extensions/gridm5/creative-design/assets/socicon/fonts/socicon.woff]
[mobirise.com/extensions/gridm5/creative-design/assets/socicon/css/styles.css]
[mobirise.com/extensions/gridm5/creative-design/assets/theme/css/style.css]
[mobirise.com/extensions/gridm5/creative-design/assets/mobirise/css/mbr-additional.css]
[mobirise.com/extensions/gridm5/creative-design/assets/web/assets/mobirise-icons2/mobirise21e04.svg]
[mobirise.com/extensions/gridm5/creative-design/assets/web/assets/mobirise-icons-bold/mobirise-icons-bold84ca.svg]
[mobirise.com/extensions/gridm5/creative-design/assets/socicon/fonts/socicon.svg]
[mobirise.com/extensions/gridm5/creative-design/assets/socicon/fonts/socicon.svg]
